MSBuild version 17.14.40+3e7442088 for .NET Framework

  DirectX-Headers.vcxproj -> C:\Users\Ali\Documents\c++\DoEngine\build\lib\Debug\DirectX-Headers.lib
  DirectX-Guids.vcxproj -> C:\Users\Ali\Documents\c++\DoEngine\build\lib\Debug\DirectX-Guids.lib
  Jolt.vcxproj -> C:\Users\Ali\Documents\c++\DoEngine\build\lib\Debug\Jolt.lib
  enkiTS.vcxproj -> C:\Users\Ali\Documents\c++\DoEngine\build\lib\Debug\enkiTS.lib
  glfw.vcxproj -> C:\Users\Ali\Documents\c++\DoEngine\build\lib\Debug\glfw3.lib
  nvrhi.vcxproj -> C:\Users\Ali\Documents\c++\DoEngine\build\lib\Debug\nvrhi.lib
  nvrhi_d3d12.vcxproj -> C:\Users\Ali\Documents\c++\DoEngine\build\lib\Debug\nvrhi_d3d12.lib
  nvrhi_vk.vcxproj -> C:\Users\Ali\Documents\c++\DoEngine\build\lib\Debug\nvrhi_vk.lib
  Application.cpp
  RHI.cpp
C:\Users\Ali\Documents\c++\DoEngine\src\Engine\Application.cpp(40,9): error C2653: 'AssetRegistry': is not a class or namespace name [C:\Users\Ali\Documents\c++\DoEngine\build\DoEngine.vcxproj]
C:\Users\Ali\Documents\c++\DoEngine\src\Engine\Application.cpp(40,24): error C3861: 'Initialize': identifier not found [C:\Users\Ali\Documents\c++\DoEngine\build\DoEngine.vcxproj]
C:\Users\Ali\Documents\c++\DoEngine\src\Graphics\RHI.cpp(148,83): error C2039: 'Nvrhi_VK_Image': is not a member of 'nvrhi::ObjectTypes' [C:\Users\Ali\Documents\c++\DoEngine\build\DoEngine.vcxproj]
      C:\Users\Ali\Documents\c++\DoEngine\thirdparty\nvrhi\include\nvrhi\vulkan.h(30,15):
      see declaration of 'nvrhi::ObjectTypes'
  
C:\Users\Ali\Documents\c++\DoEngine\src\Graphics\RHI.cpp(148,83): error C2065: 'Nvrhi_VK_Image': undeclared identifier [C:\Users\Ali\Documents\c++\DoEngine\build\DoEngine.vcxproj]
C:\Users\Ali\Documents\c++\DoEngine\src\Graphics\RHI.cpp(149,56): error C3536: 'tex': cannot be used before it is initialized [C:\Users\Ali\Documents\c++\DoEngine\build\DoEngine.vcxproj]
C:\Users\Ali\Documents\c++\DoEngine\src\Graphics\RHI.cpp(149,45): error C2665: 'std::vector<nvrhi::TextureHandle,std::allocator<nvrhi::TextureHandle>>::push_back': no overloaded function could convert all the argument types [C:\Users\Ali\Documents\c++\DoEngine\build\DoEngine.vcxproj]
      C:\Program Files\Microsoft Visual Studio\2022\Community\VC\Tools\MSVC\14.38.33130\include\vector(874,23):
      could be 'void std::vector<nvrhi::TextureHandle,std::allocator<nvrhi::TextureHandle>>::push_back(_Ty &&)'
          with
          [
              _Ty=nvrhi::TextureHandle
          ]
          C:\Users\Ali\Documents\c++\DoEngine\src\Graphics\RHI.cpp(149,45):
          'void std::vector<nvrhi::TextureHandle,std::allocator<nvrhi::TextureHandle>>::push_back(_Ty &&)': cannot convert argument 1 from 'int' to '_Ty &&'
          with
          [
              _Ty=nvrhi::TextureHandle
          ]
              C:\Users\Ali\Documents\c++\DoEngine\src\Graphics\RHI.cpp(149,56):
              Reason: cannot convert from 'int' to '_Ty'
          with
          [
              _Ty=nvrhi::TextureHandle
          ]
              C:\Users\Ali\Documents\c++\DoEngine\src\Graphics\RHI.cpp(149,56):
              'nvrhi::RefCountPtr<nvrhi::ITexture>::RefCountPtr': no overloaded function could convert all the argument types
                  C:\Users\Ali\Documents\c++\DoEngine\thirdparty\nvrhi\include\nvrhi\common\resource.h(182,9):
                  could be 'nvrhi::RefCountPtr<nvrhi::ITexture>::RefCountPtr(std::nullptr_t) noexcept'
                      C:\Users\Ali\Documents\c++\DoEngine\src\Graphics\RHI.cpp(149,56):
                      'nvrhi::RefCountPtr<nvrhi::ITexture>::RefCountPtr(std::nullptr_t) noexcept': cannot convert argument 1 from 'int' to 'std::nullptr_t'
                          C:\Users\Ali\Documents\c++\DoEngine\src\Graphics\RHI.cpp(149,56):
                          only a null pointer constant can be converted to nullptr_t
                  C:\Users\Ali\Documents\c++\DoEngine\thirdparty\nvrhi\include\nvrhi\common\resource.h(216,9):
                  or       'nvrhi::RefCountPtr<nvrhi::ITexture>::RefCountPtr(nvrhi::RefCountPtr<U> &&,std::enable_if<std::is_convertible<U*,T*>::value,void*>::type *) noexcept'
          with
          [
              T=nvrhi::ITexture
          ]
                  C:\Users\Ali\Documents\c++\DoEngine\thirdparty\nvrhi\include\nvrhi\common\resource.h(199,9):
                  or       'nvrhi::RefCountPtr<nvrhi::ITexture>::RefCountPtr(const nvrhi::RefCountPtr<U> &,std::enable_if<std::is_convertible<U*,T*>::value,void*>::type *) noexcept'
          with
          [
              T=nvrhi::ITexture
          ]
                  C:\Users\Ali\Documents\c++\DoEngine\thirdparty\nvrhi\include\nvrhi\common\resource.h(187,9):
                  or       'nvrhi::RefCountPtr<nvrhi::ITexture>::RefCountPtr(U *) noexcept'
                  C:\Users\Ali\Documents\c++\DoEngine\src\Graphics\RHI.cpp(149,56):
                  while trying to match the argument list '(int)'
      C:\Program Files\Microsoft Visual Studio\2022\Community\VC\Tools\MSVC\14.38.33130\include\vector(870,23):
      or       'void std::vector<nvrhi::TextureHandle,std::allocator<nvrhi::TextureHandle>>::push_back(const _Ty &)'
          with
          [
              _Ty=nvrhi::TextureHandle
          ]
          C:\Users\Ali\Documents\c++\DoEngine\src\Graphics\RHI.cpp(149,45):
          'void std::vector<nvrhi::TextureHandle,std::allocator<nvrhi::TextureHandle>>::push_back(const _Ty &)': cannot convert argument 1 from 'int' to 'const _Ty &'
          with
          [
              _Ty=nvrhi::TextureHandle
          ]
              C:\Users\Ali\Documents\c++\DoEngine\src\Graphics\RHI.cpp(149,56):
              Reason: cannot convert from 'int' to 'const _Ty'
          with
          [
              _Ty=nvrhi::TextureHandle
          ]
              C:\Users\Ali\Documents\c++\DoEngine\src\Graphics\RHI.cpp(149,56):
              'nvrhi::RefCountPtr<nvrhi::ITexture>::RefCountPtr': no overloaded function could convert all the argument types
                  C:\Users\Ali\Documents\c++\DoEngine\thirdparty\nvrhi\include\nvrhi\common\resource.h(182,9):
                  could be 'nvrhi::RefCountPtr<nvrhi::ITexture>::RefCountPtr(std::nullptr_t) noexcept'
                      C:\Users\Ali\Documents\c++\DoEngine\src\Graphics\RHI.cpp(149,56):
                      'nvrhi::RefCountPtr<nvrhi::ITexture>::RefCountPtr(std::nullptr_t) noexcept': cannot convert argument 1 from 'int' to 'std::nullptr_t'
                          C:\Users\Ali\Documents\c++\DoEngine\src\Graphics\RHI.cpp(149,56):
                          only a null pointer constant can be converted to nullptr_t
                  C:\Users\Ali\Documents\c++\DoEngine\thirdparty\nvrhi\include\nvrhi\common\resource.h(216,9):
                  or       'nvrhi::RefCountPtr<nvrhi::ITexture>::RefCountPtr(nvrhi::RefCountPtr<U> &&,std::enable_if<std::is_convertible<U*,T*>::value,void*>::type *) noexcept'
          with
          [
              T=nvrhi::ITexture
          ]
                  C:\Users\Ali\Documents\c++\DoEngine\thirdparty\nvrhi\include\nvrhi\common\resource.h(199,9):
                  or       'nvrhi::RefCountPtr<nvrhi::ITexture>::RefCountPtr(const nvrhi::RefCountPtr<U> &,std::enable_if<std::is_convertible<U*,T*>::value,void*>::type *) noexcept'
          with
          [
              T=nvrhi::ITexture
          ]
                  C:\Users\Ali\Documents\c++\DoEngine\thirdparty\nvrhi\include\nvrhi\common\resource.h(187,9):
                  or       'nvrhi::RefCountPtr<nvrhi::ITexture>::RefCountPtr(U *) noexcept'
                  C:\Users\Ali\Documents\c++\DoEngine\src\Graphics\RHI.cpp(149,56):
                  while trying to match the argument list '(int)'
      C:\Users\Ali\Documents\c++\DoEngine\src\Graphics\RHI.cpp(149,45):
      while trying to match the argument list '(int)'
  
C:\Users\Ali\Documents\c++\DoEngine\src\Graphics\RHI.cpp(152,16): error C2665: 'nvrhi::FramebufferDesc::addColorAttachment': no overloaded function could convert all the argument types [C:\Users\Ali\Documents\c++\DoEngine\build\DoEngine.vcxproj]
      C:\Users\Ali\Documents\c++\DoEngine\thirdparty\nvrhi\include\nvrhi\nvrhi.h(1300,26):
      could be 'nvrhi::FramebufferDesc &nvrhi::FramebufferDesc::addColorAttachment(nvrhi::ITexture *)'
          C:\Users\Ali\Documents\c++\DoEngine\src\Graphics\RHI.cpp(152,16):
          'nvrhi::FramebufferDesc &nvrhi::FramebufferDesc::addColorAttachment(nvrhi::ITexture *)': cannot convert argument 1 from 'int' to 'nvrhi::ITexture *'
              C:\Users\Ali\Documents\c++\DoEngine\src\Graphics\RHI.cpp(152,36):
              Conversion from integral type to pointer type requires reinterpret_cast, C-style cast or parenthesized function-style cast
      C:\Users\Ali\Documents\c++\DoEngine\thirdparty\nvrhi\include\nvrhi\nvrhi.h(1299,26):
      or       'nvrhi::FramebufferDesc &nvrhi::FramebufferDesc::addColorAttachment(const nvrhi::FramebufferAttachment &)'
          C:\Users\Ali\Documents\c++\DoEngine\src\Graphics\RHI.cpp(152,16):
          'nvrhi::FramebufferDesc &nvrhi::FramebufferDesc::addColorAttachment(const nvrhi::FramebufferAttachment &)': cannot convert argument 1 from 'int' to 'const nvrhi::FramebufferAttachment &'
              C:\Users\Ali\Documents\c++\DoEngine\src\Graphics\RHI.cpp(152,36):
              Reason: cannot convert from 'int' to 'const nvrhi::FramebufferAttachment'
              C:\Users\Ali\Documents\c++\DoEngine\src\Graphics\RHI.cpp(152,36):
              'nvrhi::FramebufferAttachment::FramebufferAttachment': no overloaded function could convert all the argument types
                  C:\Users\Ali\Documents\c++\DoEngine\thirdparty\nvrhi\include\nvrhi\nvrhi.h(1291,5):
                  could be 'nvrhi::FramebufferAttachment::FramebufferAttachment(nvrhi::FramebufferAttachment &&)'
                      C:\Users\Ali\Documents\c++\DoEngine\src\Graphics\RHI.cpp(152,36):
                      'nvrhi::FramebufferAttachment::FramebufferAttachment(nvrhi::FramebufferAttachment &&)': cannot convert argument 1 from 'int' to 'nvrhi::FramebufferAttachment &&'
                          C:\Users\Ali\Documents\c++\DoEngine\src\Graphics\RHI.cpp(152,36):
                          Reason: cannot convert from 'int' to 'nvrhi::FramebufferAttachment'
                          C:\Users\Ali\Documents\c++\DoEngine\src\Graphics\RHI.cpp(152,36):
                          Conversion requires a second user-defined-conversion operator or constructor
                  C:\Users\Ali\Documents\c++\DoEngine\thirdparty\nvrhi\include\nvrhi\nvrhi.h(1291,5):
                  or       'nvrhi::FramebufferAttachment::FramebufferAttachment(const nvrhi::FramebufferAttachment &)'
                      C:\Users\Ali\Documents\c++\DoEngine\src\Graphics\RHI.cpp(152,36):
                      'nvrhi::FramebufferAttachment::FramebufferAttachment(const nvrhi::FramebufferAttachment &)': cannot convert argument 1 from 'int' to 'const nvrhi::FramebufferAttachment &'
                          C:\Users\Ali\Documents\c++\DoEngine\src\Graphics\RHI.cpp(152,36):
                          Reason: cannot convert from 'int' to 'const nvrhi::FramebufferAttachment'
                          C:\Users\Ali\Documents\c++\DoEngine\src\Graphics\RHI.cpp(152,36):
                          Conversion requires a second user-defined-conversion operator or constructor
                  C:\Users\Ali\Documents\c++\DoEngine\src\Graphics\RHI.cpp(152,36):
                  while trying to match the argument list '(int)'
      C:\Users\Ali\Documents\c++\DoEngine\src\Graphics\RHI.cpp(152,16):
      while trying to match the argument list '(int)'
  
C:\Users\Ali\Documents\c++\DoEngine\src\Graphics\RHI.cpp(170,13): error C2065: 'm_Device': undeclared identifier [C:\Users\Ali\Documents\c++\DoEngine\build\DoEngine.vcxproj]
C:\Users\Ali\Documents\c++\DoEngine\src\Graphics\RHI.cpp(171,13): error C2065: 'm_Device': undeclared identifier [C:\Users\Ali\Documents\c++\DoEngine\build\DoEngine.vcxproj]
C:\Users\Ali\Documents\c++\DoEngine\src\Graphics\RHI.cpp(174,13): error C2065: 'm_Device': undeclared identifier [C:\Users\Ali\Documents\c++\DoEngine\build\DoEngine.vcxproj]
C:\Users\Ali\Documents\c++\DoEngine\src\Graphics\RHI.cpp(188,14): error C2065: 'm_Device': undeclared identifier [C:\Users\Ali\Documents\c++\DoEngine\build\DoEngine.vcxproj]
C:\Users\Ali\Documents\c++\DoEngine\src\Graphics\RHI.cpp(201,63): error C2065: 'm_Device': undeclared identifier [C:\Users\Ali\Documents\c++\DoEngine\build\DoEngine.vcxproj]
C:\Users\Ali\Documents\c++\DoEngine\src\Graphics\RHI.cpp(202,9): error C3536: 'vkDevice': cannot be used before it is initialized [C:\Users\Ali\Documents\c++\DoEngine\build\DoEngine.vcxproj]
C:\Users\Ali\Documents\c++\DoEngine\src\Graphics\RHI.cpp(204,47): error C2065: 'm_Device': undeclared identifier [C:\Users\Ali\Documents\c++\DoEngine\build\DoEngine.vcxproj]
C:\Users\Ali\Documents\c++\DoEngine\src\Graphics\RHI.cpp(211,13): error C2065: 'm_Device': undeclared identifier [C:\Users\Ali\Documents\c++\DoEngine\build\DoEngine.vcxproj]
C:\Users\Ali\Documents\c++\DoEngine\src\Graphics\RHI.cpp(214,67): error C2065: 'm_Device': undeclared identifier [C:\Users\Ali\Documents\c++\DoEngine\build\DoEngine.vcxproj]
C:\Users\Ali\Documents\c++\DoEngine\src\Graphics\RHI.cpp(215,13): error C3536: 'vkDevice': cannot be used before it is initialized [C:\Users\Ali\Documents\c++\DoEngine\build\DoEngine.vcxproj]
C:\Users\Ali\Documents\c++\DoEngine\src\Graphics\RHI.cpp(232,9): error C2065: 'm_Device': undeclared identifier [C:\Users\Ali\Documents\c++\DoEngine\build\DoEngine.vcxproj]
C:\Users\Ali\Documents\c++\DoEngine\src\Graphics\RHI.cpp(251,46): error C2511: 'nvrhi::GraphicsPipelineHandle DoEngine::RHIDevice::CreateGraphicsPipeline(const nvrhi::GraphicsPipelineDesc &,nvrhi::IFramebuffer *)': overloaded member function not found in 'DoEngine::RHIDevice' [C:\Users\Ali\Documents\c++\DoEngine\build\DoEngine.vcxproj]
      C:\Users\Ali\Documents\c++\DoEngine\src\Graphics\RHI.h(47,11):
      see declaration of 'DoEngine::RHIDevice'
  
C:\Users\Ali\Documents\c++\DoEngine\src\Graphics\RHI.cpp(252,16): error C2065: 'm_Device': undeclared identifier [C:\Users\Ali\Documents\c++\DoEngine\build\DoEngine.vcxproj]
C:\Users\Ali\Documents\c++\DoEngine\src\Graphics\RHI.cpp(255,21): error C2039: 'BindGraphicsPipeline': is not a member of 'DoEngine::RHIDevice' [C:\Users\Ali\Documents\c++\DoEngine\build\DoEngine.vcxproj]
      C:\Users\Ali\Documents\c++\DoEngine\src\Graphics\RHI.h(47,11):
      see declaration of 'DoEngine::RHIDevice'
  
C:\Users\Ali\Documents\c++\DoEngine\src\Graphics\RHI.cpp(256,14): error C2065: 'm_BackendData': undeclared identifier [C:\Users\Ali\Documents\c++\DoEngine\build\DoEngine.vcxproj]
C:\Users\Ali\Documents\c++\DoEngine\src\Graphics\RHI.cpp(258,9): error C2065: 'm_BackendData': undeclared identifier [C:\Users\Ali\Documents\c++\DoEngine\build\DoEngine.vcxproj]
C:\Users\Ali\Documents\c++\DoEngine\src\Graphics\RHI.cpp(259,9): error C2065: 'm_BackendData': undeclared identifier [C:\Users\Ali\Documents\c++\DoEngine\build\DoEngine.vcxproj]
C:\Users\Ali\Documents\c++\DoEngine\src\Graphics\RHI.cpp(260,9): error C2065: 'm_BackendData': undeclared identifier [C:\Users\Ali\Documents\c++\DoEngine\build\DoEngine.vcxproj]
C:\Users\Ali\Documents\c++\DoEngine\src\Graphics\RHI.cpp(260,61): error C2065: 'm_BackendData': undeclared identifier [C:\Users\Ali\Documents\c++\DoEngine\build\DoEngine.vcxproj]
C:\Users\Ali\Documents\c++\DoEngine\src\Graphics\RHI.cpp(260,98): error C2065: 'm_BackendData': undeclared identifier [C:\Users\Ali\Documents\c++\DoEngine\build\DoEngine.vcxproj]
C:\Users\Ali\Documents\c++\DoEngine\src\Graphics\RHI.cpp(262,30): error C2065: 'm_BackendData': undeclared identifier [C:\Users\Ali\Documents\c++\DoEngine\build\DoEngine.vcxproj]
C:\Users\Ali\Documents\c++\DoEngine\src\Graphics\RHI.cpp(262,28): error C2530: 'fbDesc': references must be initialized [C:\Users\Ali\Documents\c++\DoEngine\build\DoEngine.vcxproj]
C:\Users\Ali\Documents\c++\DoEngine\src\Graphics\RHI.cpp(263,31): error C3536: 'fbDesc': cannot be used before it is initialized [C:\Users\Ali\Documents\c++\DoEngine\build\DoEngine.vcxproj]
C:\Users\Ali\Documents\c++\DoEngine\src\Graphics\RHI.cpp(263,29): error C2530: 'texDesc': references must be initialized [C:\Users\Ali\Documents\c++\DoEngine\build\DoEngine.vcxproj]
C:\Users\Ali\Documents\c++\DoEngine\src\Graphics\RHI.cpp(264,9): error C2065: 'm_BackendData': undeclared identifier [C:\Users\Ali\Documents\c++\DoEngine\build\DoEngine.vcxproj]
C:\Users\Ali\Documents\c++\DoEngine\src\Graphics\RHI.cpp(264,104): error C3536: 'texDesc': cannot be used before it is initialized [C:\Users\Ali\Documents\c++\DoEngine\build\DoEngine.vcxproj]
C:\Users\Ali\Documents\c++\DoEngine\src\Graphics\RHI.cpp(267,13): error C2065: 'm_BackendData': undeclared identifier [C:\Users\Ali\Documents\c++\DoEngine\build\DoEngine.vcxproj]
C:\Users\Ali\Documents\c++\DoEngine\src\Graphics\RHI.cpp(271,21): error C2039: 'SetVertexBuffer': is not a member of 'DoEngine::RHIDevice' [C:\Users\Ali\Documents\c++\DoEngine\build\DoEngine.vcxproj]
      C:\Users\Ali\Documents\c++\DoEngine\src\Graphics\RHI.h(47,11):
      see declaration of 'DoEngine::RHIDevice'
  
C:\Users\Ali\Documents\c++\DoEngine\src\Graphics\RHI.cpp(275,21): error C2511: 'void DoEngine::RHIDevice::Draw(const nvrhi::DrawArguments &)': overloaded member function not found in 'DoEngine::RHIDevice' [C:\Users\Ali\Documents\c++\DoEngine\build\DoEngine.vcxproj]
      C:\Users\Ali\Documents\c++\DoEngine\src\Graphics\RHI.h(47,11):
      see declaration of 'DoEngine::RHIDevice'
  
C:\Users\Ali\Documents\c++\DoEngine\src\Graphics\RHI.cpp(282,43): error C2511: 'nvrhi::BindingLayoutHandle DoEngine::RHIDevice::CreateBindingLayout(const nvrhi::BindingLayoutDesc &)': overloaded member function not found in 'DoEngine::RHIDevice' [C:\Users\Ali\Documents\c++\DoEngine\build\DoEngine.vcxproj]
      C:\Users\Ali\Documents\c++\DoEngine\src\Graphics\RHI.h(47,11):
      see declaration of 'DoEngine::RHIDevice'
  
C:\Users\Ali\Documents\c++\DoEngine\src\Graphics\RHI.cpp(283,16): error C2065: 'm_Device': undeclared identifier [C:\Users\Ali\Documents\c++\DoEngine\build\DoEngine.vcxproj]
C:\Users\Ali\Documents\c++\DoEngine\src\Graphics\RHI.cpp(286,40): error C2511: 'nvrhi::BindingSetHandle DoEngine::RHIDevice::CreateBindingSet(const nvrhi::BindingSetDesc &,nvrhi::IBindingLayout *)': overloaded member function not found in 'DoEngine::RHIDevice' [C:\Users\Ali\Documents\c++\DoEngine\build\DoEngine.vcxproj]
      C:\Users\Ali\Documents\c++\DoEngine\src\Graphics\RHI.h(47,11):
      see declaration of 'DoEngine::RHIDevice'
  
C:\Users\Ali\Documents\c++\DoEngine\src\Graphics\RHI.cpp(287,16): error C2065: 'm_Device': undeclared identifier [C:\Users\Ali\Documents\c++\DoEngine\build\DoEngine.vcxproj]
C:\Users\Ali\Documents\c++\DoEngine\src\Graphics\RHI.cpp(290,21): error C2511: 'void DoEngine::RHIDevice::BindBindingSet(uint32_t,nvrhi::IBindingSet *)': overloaded member function not found in 'DoEngine::RHIDevice' [C:\Users\Ali\Documents\c++\DoEngine\build\DoEngine.vcxproj]
      C:\Users\Ali\Documents\c++\DoEngine\src\Graphics\RHI.h(47,11):
      see declaration of 'DoEngine::RHIDevice'
  
C:\Users\Ali\Documents\c++\DoEngine\src\Graphics\RHI.cpp(299,37): error C2039: 'CreateTexture': is not a member of 'DoEngine::RHIDevice' [C:\Users\Ali\Documents\c++\DoEngine\build\DoEngine.vcxproj]
      C:\Users\Ali\Documents\c++\DoEngine\src\Graphics\RHI.h(47,11):
      see declaration of 'DoEngine::RHIDevice'
  
C:\Users\Ali\Documents\c++\DoEngine\src\Graphics\RHI.cpp(300,16): error C2065: 'm_Device': undeclared identifier [C:\Users\Ali\Documents\c++\DoEngine\build\DoEngine.vcxproj]
C:\Users\Ali\Documents\c++\DoEngine\src\Graphics\RHI.cpp(303,36): error C2511: 'nvrhi::BufferHandle DoEngine::RHIDevice::CreateBuffer(const nvrhi::BufferDesc &)': overloaded member function not found in 'DoEngine::RHIDevice' [C:\Users\Ali\Documents\c++\DoEngine\build\DoEngine.vcxproj]
      C:\Users\Ali\Documents\c++\DoEngine\src\Graphics\RHI.h(47,11):
      see declaration of 'DoEngine::RHIDevice'
  
C:\Users\Ali\Documents\c++\DoEngine\src\Graphics\RHI.cpp(304,16): error C2065: 'm_Device': undeclared identifier [C:\Users\Ali\Documents\c++\DoEngine\build\DoEngine.vcxproj]
C:\Users\Ali\Documents\c++\DoEngine\src\Graphics\RHI.cpp(307,36): error C2511: 'nvrhi::ShaderHandle DoEngine::RHIDevice::CreateShader(const nvrhi::ShaderDesc &,const void *,size_t)': overloaded member function not found in 'DoEngine::RHIDevice' [C:\Users\Ali\Documents\c++\DoEngine\build\DoEngine.vcxproj]
      C:\Users\Ali\Documents\c++\DoEngine\src\Graphics\RHI.h(47,11):
      see declaration of 'DoEngine::RHIDevice'
  
C:\Users\Ali\Documents\c++\DoEngine\src\Graphics\RHI.cpp(308,16): error C2065: 'm_Device': undeclared identifier [C:\Users\Ali\Documents\c++\DoEngine\build\DoEngine.vcxproj]
C:\Users\Ali\Documents\c++\DoEngine\src\Graphics\RHI.cpp(311,41): error C2511: 'nvrhi::InputLayoutHandle DoEngine::RHIDevice::CreateInputLayout(const nvrhi::VertexAttributeDesc *,uint32_t)': overloaded member function not found in 'DoEngine::RHIDevice' [C:\Users\Ali\Documents\c++\DoEngine\build\DoEngine.vcxproj]
      C:\Users\Ali\Documents\c++\DoEngine\src\Graphics\RHI.h(47,11):
      see declaration of 'DoEngine::RHIDevice'
  
C:\Users\Ali\Documents\c++\DoEngine\src\Graphics\RHI.cpp(312,16): error C2065: 'm_Device': undeclared identifier [C:\Users\Ali\Documents\c++\DoEngine\build\DoEngine.vcxproj]
C:\Users\Ali\Documents\c++\DoEngine\src\Graphics\RHI.cpp(315,21): error C2511: 'void DoEngine::RHIDevice::WriteBuffer(nvrhi::IBuffer *,const void *,size_t)': overloaded member function not found in 'DoEngine::RHIDevice' [C:\Users\Ali\Documents\c++\DoEngine\build\DoEngine.vcxproj]
      C:\Users\Ali\Documents\c++\DoEngine\src\Graphics\RHI.h(47,11):
      see declaration of 'DoEngine::RHIDevice'
  
  Generating Code...
