MSBuild version 17.14.40+3e7442088 for .NET Framework

  DirectX-Headers.vcxproj -> C:\Users\Ali\Documents\c++\DoEngine\build\lib\Debug\DirectX-Headers.lib
  DirectX-Guids.vcxproj -> C:\Users\Ali\Documents\c++\DoEngine\build\lib\Debug\DirectX-Guids.lib
  Jolt.vcxproj -> C:\Users\Ali\Documents\c++\DoEngine\build\lib\Debug\Jolt.lib
  enkiTS.vcxproj -> C:\Users\Ali\Documents\c++\DoEngine\build\lib\Debug\enkiTS.lib
  glfw.vcxproj -> C:\Users\Ali\Documents\c++\DoEngine\build\lib\Debug\glfw3.lib
  nvrhi.vcxproj -> C:\Users\Ali\Documents\c++\DoEngine\build\lib\Debug\nvrhi.lib
  AudioSystem.cpp
  JobSystem.cpp
C:\Users\Ali\Documents\c++\DoEngine\src\Audio\AudioSystem.cpp(24,23): error C2039: 'PlaySoundA': is not a member of 'DoEngine::AudioSystem' [C:\Users\Ali\Documents\c++\DoEngine\build\DoEngine.vcxproj]
      C:\Users\Ali\Documents\c++\DoEngine\src\Audio\AudioSystem.h(11,11):
      see declaration of 'DoEngine::AudioSystem'
  
  VFS.cpp
C:\Users\Ali\Documents\c++\DoEngine\src\Core\VFS\VFS.h(3,10): error C1083: Cannot open include file: 'src/Core/Base.h': No such file or directory [C:\Users\Ali\Documents\c++\DoEngine\build\DoEngine.vcxproj]
  (compiling source file '../src/Core/VFS/VFS.cpp')
  
  Scene.cpp
  Application.cpp
C:\Users\Ali\Documents\c++\DoEngine\src\Core\VFS\VFS.h(3,10): error C1083: Cannot open include file: 'src/Core/Base.h': No such file or directory [C:\Users\Ali\Documents\c++\DoEngine\build\DoEngine.vcxproj]
  (compiling source file '../src/Engine/Application.cpp')
  
  RHI.cpp
C:\Users\Ali\Documents\c++\DoEngine\src\Graphics\RHI.h(22,61): error C2039: 'get': is not a member of 'nvrhi::RefCountPtr<nvrhi::IDevice>' [C:\Users\Ali\Documents\c++\DoEngine\build\DoEngine.vcxproj]
  (compiling source file '../src/Graphics/RHI.cpp')
      C:\Users\Ali\Documents\c++\DoEngine\thirdparty\nvrhi\include\nvrhi\nvrhi.h(3716,13):
      see declaration of 'nvrhi::RefCountPtr<nvrhi::IDevice>'
  
C:\Users\Ali\Documents\c++\DoEngine\src\Graphics\RHI.cpp(3,10): error C1083: Cannot open include file: 'nvrhi/vulkan/vulkan.h': No such file or directory [C:\Users\Ali\Documents\c++\DoEngine\build\DoEngine.vcxproj]
  PhysicsSystem.cpp
  ScriptEngine.cpp
C:\Users\Ali\Documents\c++\DoEngine\src\Scripting\ScriptEngine.h(3,10): error C1083: Cannot open include file: 'src/Core/Base.h': No such file or directory [C:\Users\Ali\Documents\c++\DoEngine\build\DoEngine.vcxproj]
  (compiling source file '../src/Scripting/ScriptEngine.cpp')
  
  main.cpp
C:\Users\Ali\Documents\c++\DoEngine\src\Core\VFS\VFS.h(3,10): error C1083: Cannot open include file: 'src/Core/Base.h': No such file or directory [C:\Users\Ali\Documents\c++\DoEngine\build\DoEngine.vcxproj]
  (compiling source file '../src/main.cpp')
  
  Generating Code...
  nvrhi_d3d12.vcxproj -> C:\Users\Ali\Documents\c++\DoEngine\build\lib\Debug\nvrhi_d3d12.lib
  nvrhi_vk.vcxproj -> C:\Users\Ali\Documents\c++\DoEngine\build\lib\Debug\nvrhi_vk.lib
